; Copyright 2024 Paul Maddern (paul@arcadegeek.co.uk)

[Page:Changelog]
SectionType=BulletPoints

[Changelog:20240629]
-

- Finished commenting the marked cards routines

[Changelog:20240620]
-

- Added fact about how the cards are printed

[Changelog:20240619]
-

- Added cards file

[Changelog:20240618]
-

- Added theme tune (will tweak to work out how to find the exact end later)
- Updated a few routines

[Changelog:20240416]
-

- Added CHANGELOG!
